Copyright 1986-2019 Xilinx, Inc. All Rights Reserved.
--------------------------------------------------------------------------------------
| Tool Version : Vivado v.2019.2 (lin64) Build 2708876 Wed Nov  6 21:39:14 MST 2019
| Date         : Tue Dec  8 13:01:25 2020
| Host         : ubuntu running 64-bit Ubuntu 20.04.1 LTS
| Command      : report_control_sets -verbose -file top_level_control_sets_placed.rpt
| Design       : top_level
| Device       : xc7a100t
--------------------------------------------------------------------------------------

Control Set Information

Table of Contents
-----------------
1. Summary
2. Histogram
3. Flip-Flop Distribution
4. Detailed Control Set Information

1. Summary
----------

+----------------------------------------------------------+-------+
|                          Status                          | Count |
+----------------------------------------------------------+-------+
| Total control sets                                       |    45 |
|    Minimum number of control sets                        |    45 |
|    Addition due to synthesis replication                 |     0 |
|    Addition due to physical synthesis replication        |     0 |
| Unused register locations in slices containing registers |   175 |
+----------------------------------------------------------+-------+
* Control sets can be merged at opt_design using control_set_merge or merge_equivalent_drivers
** Run report_qor_suggestions for automated merging and remapping suggestions


2. Histogram
------------

+--------------------+-------+
|       Fanout       | Count |
+--------------------+-------+
| Total control sets |    45 |
| >= 0 to < 4        |     3 |
| >= 4 to < 6        |     0 |
| >= 6 to < 8        |     3 |
| >= 8 to < 10       |     7 |
| >= 10 to < 12      |     5 |
| >= 12 to < 14      |     3 |
| >= 14 to < 16      |     6 |
| >= 16              |    18 |
+--------------------+-------+
* Control sets can be remapped at either synth_design or opt_design


3. Flip-Flop Distribution
-------------------------

+--------------+-----------------------+------------------------+-----------------+--------------+
| Clock Enable | Synchronous Set/Reset | Asynchronous Set/Reset | Total Registers | Total Slices |
+--------------+-----------------------+------------------------+-----------------+--------------+
| No           | No                    | No                     |            8629 |         1548 |
| No           | No                    | Yes                    |               0 |            0 |
| No           | Yes                   | No                     |             175 |           49 |
| Yes          | No                    | No                     |             235 |           75 |
| Yes          | No                    | Yes                    |               0 |            0 |
| Yes          | Yes                   | No                     |             378 |          107 |
+--------------+-----------------------+------------------------+-----------------+--------------+


4. Detailed Control Set Information
-----------------------------------

+-----------------------------------------+--------------------------------------------------+--------------------------------------------+------------------+----------------+
|               Clock Signal              |                   Enable Signal                  |              Set/Reset Signal              | Slice Load Count | Bel Load Count |
+-----------------------------------------+--------------------------------------------------+--------------------------------------------+------------------+----------------+
| ~color_blobs/blue_cf/area_out_reg[11]_1 |                                                  |                                            |                2 |              2 |
|  clkdivider/inst/clk_out1               |                                                  | color_blobs/green_cf/area_out_reg[11]_2[1] |                1 |              2 |
|  clkdivider/inst/clk_out1               |                                                  | color_blobs/red_cf/area_out_reg[11]_2[1]   |                1 |              2 |
|  pclk_in                                |                                                  | color_blobs/my_camera/h_idx_out[7]_i_1_n_0 |                2 |              6 |
|  pclk_in                                | color_blobs/my_camera/h_idx_out[7]_i_2_n_0       | color_blobs/my_camera/h_idx_out[7]_i_1_n_0 |                2 |              6 |
|  clkdivider/inst/clk_out1               |                                                  | color_blobs/converter/s_bottom[7]_i_1_n_0  |                1 |              7 |
|  pclk_in                                | color_blobs/my_camera/pixel_data_out[7]_i_1_n_0  |                                            |                2 |              8 |
|  pclk_in                                |                                                  |                                            |                3 |              8 |
|  pclk_in                                | color_blobs/my_camera/pixel_data_out[15]_i_1_n_0 |                                            |                2 |              8 |
|  clkdivider/inst/clk_out1               |                                                  | color_blobs/green_cf/SS[0]                 |                3 |              8 |
|  clkdivider/inst/clk_out1               |                                                  | color_blobs/green_cf/area_out_reg[12]_1[0] |                2 |              9 |
|  clkdivider/inst/clk_out1               |                                                  | color_blobs/red_cf/SR[0]                   |                3 |              9 |
|  clkdivider/inst/clk_out1               |                                                  | color_blobs/blue_cf/area_out_reg[12]_0[0]  |                3 |              9 |
|  clkdivider/inst/clk_out1               |                                                  | color_blobs/converter/h_bottom[10]_i_1_n_0 |                3 |             10 |
|  clkdivider/inst/clk_out1               |                                                  | color_blobs/red_cf/area_out_reg[11]_2[0]   |                3 |             10 |
|  clkdivider/inst/clk_out1               |                                                  | color_blobs/green_cf/area_out_reg[11]_2[0] |                3 |             10 |
|  clkdivider/inst/clk_out1               | xvga1/hreset                                     | xvga1/SR[0]                                |                4 |             10 |
|  clkdivider/inst/clk_out1               |                                                  | xvga1/hreset                               |                4 |             11 |
|  clkdivider/inst/clk_out1               |                                                  | synth_blob/pixel_out[11]_i_1_n_0           |                3 |             12 |
|  clkdivider/inst/clk_out1               | xvga1/E[0]                                       |                                            |                4 |             12 |
|  clkdivider/inst/clk_out1               |                                                  | led_OBUF[15]                               |                6 |             13 |
|  clkdivider/inst/clk_out1               |                                                  | synth2/osc1/wave_out[14]_i_1__0_n_0        |                2 |             14 |
|  clkdivider/inst/clk_out1               |                                                  | synth1/osc2/wave_out[14]_i_1_n_0           |                3 |             14 |
|  clkdivider/inst/clk_out1               |                                                  | synth1/osc1/wave_out[14]_i_1_n_0           |                2 |             14 |
|  clkdivider/inst/clk_out1               | synth1/lpfilter/filtered_out[15]_i_1_n_0         |                                            |                7 |             15 |
|  clkdivider/inst/clk_out1               |                                                  | lfo/sample_trigger                         |                4 |             15 |
|  clkdivider/inst/clk_out1               | synth2/lpfilter/filtered_out[15]_i_1__0_n_0      |                                            |                5 |             15 |
|  clkdivider/inst/clk_out1               | lfo/triangle_wave[15]_i_1_n_0                    |                                            |                5 |             16 |
|  clkdivider/inst/clk_out1               | color_blobs/red_cf/v_index_in_prev_0             |                                            |                5 |             17 |
|  clkdivider/inst/clk_out1               | color_blobs/blue_cf/v_index_in_prev              |                                            |                4 |             17 |
|  clkdivider/inst/clk_out1               | color_blobs/green_cf/v_index_in_prev             |                                            |                6 |             17 |
|  clkdivider/inst/clk_out1               | xvga1/sw[2][0]                                   |                                            |                3 |             17 |
|  pclk_in                                | color_blobs/my_camera/pixel_data_out[7]_i_1_n_0  | color_blobs/my_camera/h_idx_out[7]_i_1_n_0 |                5 |             17 |
|  clkdivider/inst/clk_out1               | lfo/sample_trigger                               | led_OBUF[15]                               |                9 |             20 |
|  clkdivider/inst/clk_out1               | color_blobs/red_cf/area_out[16]_i_1_n_0          |                                            |               11 |             31 |
|  clkdivider/inst/clk_out1               | color_blobs/blue_cf/area_out[16]_i_1__1_n_0      |                                            |               10 |             31 |
|  clkdivider/inst/clk_out1               | color_blobs/green_cf/area_out[16]_i_1__0_n_0     |                                            |               11 |             31 |
|  clkdivider/inst/clk_out1               | synth2/lpfilter/sum[31]_i_2__0_n_0               | synth2/lpfilter/sum[31]_i_1__0_n_0         |                7 |             32 |
|  clkdivider/inst/clk_out1               | synth1/lpfilter/sum[31]_i_2_n_0                  | synth1/lpfilter/sum[31]_i_1_n_0            |                7 |             32 |
|  clkdivider/inst/clk_out1               | synth2/lpfilter/previous_input_0                 | led_OBUF[15]                               |               10 |             33 |
|  clkdivider/inst/clk_out1               | synth1/lpfilter/previous_input_0                 | led_OBUF[15]                               |               12 |             33 |
|  clkdivider/inst/clk_out1               | color_blobs/blue_cf/h_sum                        | color_blobs/blue_cf/h_sum0                 |               17 |             65 |
|  clkdivider/inst/clk_out1               | color_blobs/red_cf/h_sum                         | color_blobs/red_cf/h_sum0                  |               17 |             65 |
|  clkdivider/inst/clk_out1               | color_blobs/green_cf/h_sum                       | color_blobs/green_cf/h_sum0                |               17 |             65 |
|  clkdivider/inst/clk_out1               |                                                  |                                            |             1543 |           8650 |
+-----------------------------------------+--------------------------------------------------+--------------------------------------------+------------------+----------------+


